[2026-04-18 18:37:09.697] [info] Loaded model astronaut_spine_day000 from file C:\SpineSimulation\Models\spine_day000.osim
[2026-04-18 18:37:09.699] [warning] Couldn't find file 'treadmill.vtp'.
[2026-04-18 18:37:09.701] [warning] Couldn't find file 'sacrum.vtp'.
[2026-04-18 18:37:09.704] [warning] Couldn't find file 'pelvis.vtp'.
[2026-04-18 18:37:09.704] [warning] Couldn't find file 'l_pelvis.vtp'.
[2026-04-18 18:37:09.704] [warning] Couldn't find file 'femur_r.vtp'.
[2026-04-18 18:37:09.705] [warning] Couldn't find file 'tibia_r.vtp'.
[2026-04-18 18:37:09.705] [warning] Couldn't find file 'fibula.vtp'.
[2026-04-18 18:37:09.706] [warning] Couldn't find file 'talus.vtp'.
[2026-04-18 18:37:09.706] [warning] Couldn't find file 'foot.vtp'.
[2026-04-18 18:37:09.707] [warning] Couldn't find file 'bofoot.vtp'.
[2026-04-18 18:37:09.708] [warning] Couldn't find file 'femur_l.vtp'.
[2026-04-18 18:37:09.708] [warning] Couldn't find file 'tibia_l.vtp'.
[2026-04-18 18:37:09.708] [warning] Couldn't find file 'l_fibula.vtp'.
[2026-04-18 18:37:09.714] [warning] Couldn't find file 'l_talus.vtp'.
[2026-04-18 18:37:09.714] [warning] Couldn't find file 'l_foot.vtp'.
[2026-04-18 18:37:09.715] [warning] Couldn't find file 'l_bofoot.vtp'.
[2026-04-18 18:37:09.715] [warning] Couldn't find file 'hat_spine.vtp'.
[2026-04-18 18:37:09.716] [warning] Couldn't find file 'hat_jaw.vtp'.
[2026-04-18 18:37:09.716] [warning] Couldn't find file 'hat_skull.vtp'.
[2026-04-18 18:37:09.716] [warning] Couldn't find file 'hat_ribs.vtp'.
[2026-04-18 18:37:09.829] [info] Loaded model astronaut_spine_day030 from file C:\SpineSimulation\Models\spine_day030.osim
[2026-04-18 18:37:09.830] [warning] Couldn't find file 'treadmill.vtp'.
[2026-04-18 18:37:09.832] [warning] Couldn't find file 'sacrum.vtp'.
[2026-04-18 18:37:09.835] [warning] Couldn't find file 'pelvis.vtp'.
[2026-04-18 18:37:09.835] [warning] Couldn't find file 'l_pelvis.vtp'.
[2026-04-18 18:37:09.836] [warning] Couldn't find file 'femur_r.vtp'.
[2026-04-18 18:37:09.836] [warning] Couldn't find file 'tibia_r.vtp'.
[2026-04-18 18:37:09.837] [warning] Couldn't find file 'fibula.vtp'.
[2026-04-18 18:37:09.837] [warning] Couldn't find file 'talus.vtp'.
[2026-04-18 18:37:09.837] [warning] Couldn't find file 'foot.vtp'.
[2026-04-18 18:37:09.838] [warning] Couldn't find file 'bofoot.vtp'.
[2026-04-18 18:37:09.838] [warning] Couldn't find file 'femur_l.vtp'.
[2026-04-18 18:37:09.838] [warning] Couldn't find file 'tibia_l.vtp'.
[2026-04-18 18:37:09.839] [warning] Couldn't find file 'l_fibula.vtp'.
[2026-04-18 18:37:09.839] [warning] Couldn't find file 'l_talus.vtp'.
[2026-04-18 18:37:09.839] [warning] Couldn't find file 'l_foot.vtp'.
[2026-04-18 18:37:09.843] [warning] Couldn't find file 'l_bofoot.vtp'.
[2026-04-18 18:37:09.845] [warning] Couldn't find file 'hat_spine.vtp'.
[2026-04-18 18:37:09.845] [warning] Couldn't find file 'hat_jaw.vtp'.
[2026-04-18 18:37:09.846] [warning] Couldn't find file 'hat_skull.vtp'.
[2026-04-18 18:37:09.846] [warning] Couldn't find file 'hat_ribs.vtp'.
[2026-04-18 18:37:09.936] [info] Loaded model astronaut_spine_day060 from file C:\SpineSimulation\Models\spine_day060.osim
[2026-04-18 18:37:09.936] [warning] Couldn't find file 'treadmill.vtp'.
[2026-04-18 18:37:09.940] [warning] Couldn't find file 'sacrum.vtp'.
[2026-04-18 18:37:09.942] [warning] Couldn't find file 'pelvis.vtp'.
[2026-04-18 18:37:09.943] [warning] Couldn't find file 'l_pelvis.vtp'.
[2026-04-18 18:37:09.943] [warning] Couldn't find file 'femur_r.vtp'.
[2026-04-18 18:37:09.944] [warning] Couldn't find file 'tibia_r.vtp'.
[2026-04-18 18:37:09.944] [warning] Couldn't find file 'fibula.vtp'.
[2026-04-18 18:37:09.944] [warning] Couldn't find file 'talus.vtp'.
[2026-04-18 18:37:09.945] [warning] Couldn't find file 'foot.vtp'.
[2026-04-18 18:37:09.945] [warning] Couldn't find file 'bofoot.vtp'.
[2026-04-18 18:37:09.946] [warning] Couldn't find file 'femur_l.vtp'.
[2026-04-18 18:37:09.946] [warning] Couldn't find file 'tibia_l.vtp'.
[2026-04-18 18:37:09.950] [warning] Couldn't find file 'l_fibula.vtp'.
[2026-04-18 18:37:09.952] [warning] Couldn't find file 'l_talus.vtp'.
[2026-04-18 18:37:09.953] [warning] Couldn't find file 'l_foot.vtp'.
[2026-04-18 18:37:09.953] [warning] Couldn't find file 'l_bofoot.vtp'.
[2026-04-18 18:37:09.954] [warning] Couldn't find file 'hat_spine.vtp'.
[2026-04-18 18:37:09.954] [warning] Couldn't find file 'hat_jaw.vtp'.
[2026-04-18 18:37:09.954] [warning] Couldn't find file 'hat_skull.vtp'.
[2026-04-18 18:37:09.954] [warning] Couldn't find file 'hat_ribs.vtp'.
[2026-04-18 18:37:10.046] [info] Loaded model astronaut_spine_day090 from file C:\SpineSimulation\Models\spine_day090.osim
[2026-04-18 18:37:10.047] [warning] Couldn't find file 'treadmill.vtp'.
[2026-04-18 18:37:10.050] [warning] Couldn't find file 'sacrum.vtp'.
[2026-04-18 18:37:10.051] [warning] Couldn't find file 'pelvis.vtp'.
[2026-04-18 18:37:10.054] [warning] Couldn't find file 'l_pelvis.vtp'.
[2026-04-18 18:37:10.054] [warning] Couldn't find file 'femur_r.vtp'.
[2026-04-18 18:37:10.054] [warning] Couldn't find file 'tibia_r.vtp'.
[2026-04-18 18:37:10.055] [warning] Couldn't find file 'fibula.vtp'.
[2026-04-18 18:37:10.055] [warning] Couldn't find file 'talus.vtp'.
[2026-04-18 18:37:10.056] [warning] Couldn't find file 'foot.vtp'.
[2026-04-18 18:37:10.056] [warning] Couldn't find file 'bofoot.vtp'.
[2026-04-18 18:37:10.056] [warning] Couldn't find file 'femur_l.vtp'.
[2026-04-18 18:37:10.057] [warning] Couldn't find file 'tibia_l.vtp'.
[2026-04-18 18:37:10.057] [warning] Couldn't find file 'l_fibula.vtp'.
[2026-04-18 18:37:10.057] [warning] Couldn't find file 'l_talus.vtp'.
[2026-04-18 18:37:10.058] [warning] Couldn't find file 'l_foot.vtp'.
[2026-04-18 18:37:10.058] [warning] Couldn't find file 'l_bofoot.vtp'.
[2026-04-18 18:37:10.064] [warning] Couldn't find file 'hat_spine.vtp'.
[2026-04-18 18:37:10.064] [warning] Couldn't find file 'hat_jaw.vtp'.
[2026-04-18 18:37:10.064] [warning] Couldn't find file 'hat_skull.vtp'.
[2026-04-18 18:37:10.064] [warning] Couldn't find file 'hat_ribs.vtp'.
[2026-04-18 18:37:10.162] [info] Loaded model astronaut_spine_day180 from file C:\SpineSimulation\Models\spine_day180.osim
[2026-04-18 18:37:10.163] [warning] Couldn't find file 'treadmill.vtp'.
[2026-04-18 18:37:10.166] [warning] Couldn't find file 'sacrum.vtp'.
[2026-04-18 18:37:10.167] [warning] Couldn't find file 'pelvis.vtp'.
[2026-04-18 18:37:10.170] [warning] Couldn't find file 'l_pelvis.vtp'.
[2026-04-18 18:37:10.170] [warning] Couldn't find file 'femur_r.vtp'.
[2026-04-18 18:37:10.171] [warning] Couldn't find file 'tibia_r.vtp'.
[2026-04-18 18:37:10.171] [warning] Couldn't find file 'fibula.vtp'.
[2026-04-18 18:37:10.171] [warning] Couldn't find file 'talus.vtp'.
[2026-04-18 18:37:10.172] [warning] Couldn't find file 'foot.vtp'.
[2026-04-18 18:37:10.172] [warning] Couldn't find file 'bofoot.vtp'.
[2026-04-18 18:37:10.173] [warning] Couldn't find file 'femur_l.vtp'.
[2026-04-18 18:37:10.173] [warning] Couldn't find file 'tibia_l.vtp'.
[2026-04-18 18:37:10.173] [warning] Couldn't find file 'l_fibula.vtp'.
[2026-04-18 18:37:10.174] [warning] Couldn't find file 'l_talus.vtp'.
[2026-04-18 18:37:10.174] [warning] Couldn't find file 'l_foot.vtp'.
[2026-04-18 18:37:10.174] [warning] Couldn't find file 'l_bofoot.vtp'.
[2026-04-18 18:37:10.178] [warning] Couldn't find file 'hat_spine.vtp'.
[2026-04-18 18:37:10.180] [warning] Couldn't find file 'hat_jaw.vtp'.
[2026-04-18 18:37:10.180] [warning] Couldn't find file 'hat_skull.vtp'.
[2026-04-18 18:37:10.181] [warning] Couldn't find file 'hat_ribs.vtp'.
[2026-04-18 18:47:40.719] [info] Loaded model astronaut_spine_day000 from file C:\SpineSimulation\Models\spine_day000.osim
[2026-04-18 18:47:40.720] [warning] Couldn't find file 'treadmill.vtp'.
[2026-04-18 18:47:40.721] [warning] Couldn't find file 'sacrum.vtp'.
[2026-04-18 18:47:40.721] [warning] Couldn't find file 'pelvis.vtp'.
[2026-04-18 18:47:40.721] [warning] Couldn't find file 'l_pelvis.vtp'.
[2026-04-18 18:47:40.721] [warning] Couldn't find file 'femur_r.vtp'.
[2026-04-18 18:47:40.722] [warning] Couldn't find file 'tibia_r.vtp'.
[2026-04-18 18:47:40.722] [warning] Couldn't find file 'fibula.vtp'.
[2026-04-18 18:47:40.722] [warning] Couldn't find file 'talus.vtp'.
[2026-04-18 18:47:40.722] [warning] Couldn't find file 'foot.vtp'.
[2026-04-18 18:47:40.722] [warning] Couldn't find file 'bofoot.vtp'.
[2026-04-18 18:47:40.722] [warning] Couldn't find file 'femur_l.vtp'.
[2026-04-18 18:47:40.723] [warning] Couldn't find file 'tibia_l.vtp'.
[2026-04-18 18:47:40.723] [warning] Couldn't find file 'l_fibula.vtp'.
[2026-04-18 18:47:40.723] [warning] Couldn't find file 'l_talus.vtp'.
[2026-04-18 18:47:40.723] [warning] Couldn't find file 'l_foot.vtp'.
[2026-04-18 18:47:40.723] [warning] Couldn't find file 'l_bofoot.vtp'.
[2026-04-18 18:47:40.723] [warning] Couldn't find file 'hat_spine.vtp'.
[2026-04-18 18:47:40.724] [warning] Couldn't find file 'hat_jaw.vtp'.
[2026-04-18 18:47:40.724] [warning] Couldn't find file 'hat_skull.vtp'.
[2026-04-18 18:47:40.724] [warning] Couldn't find file 'hat_ribs.vtp'.
[2026-04-18 18:47:40.793] [info] Loaded model astronaut_spine_day030 from file C:\SpineSimulation\Models\spine_day030.osim
[2026-04-18 18:47:40.794] [warning] Couldn't find file 'treadmill.vtp'.
[2026-04-18 18:47:40.796] [warning] Couldn't find file 'sacrum.vtp'.
[2026-04-18 18:47:40.797] [warning] Couldn't find file 'pelvis.vtp'.
[2026-04-18 18:47:40.798] [warning] Couldn't find file 'l_pelvis.vtp'.
[2026-04-18 18:47:40.799] [warning] Couldn't find file 'femur_r.vtp'.
[2026-04-18 18:47:40.800] [warning] Couldn't find file 'tibia_r.vtp'.
[2026-04-18 18:47:40.800] [warning] Couldn't find file 'fibula.vtp'.
[2026-04-18 18:47:40.800] [warning] Couldn't find file 'talus.vtp'.
[2026-04-18 18:47:40.801] [warning] Couldn't find file 'foot.vtp'.
[2026-04-18 18:47:40.801] [warning] Couldn't find file 'bofoot.vtp'.
[2026-04-18 18:47:40.802] [warning] Couldn't find file 'femur_l.vtp'.
[2026-04-18 18:47:40.802] [warning] Couldn't find file 'tibia_l.vtp'.
[2026-04-18 18:47:40.802] [warning] Couldn't find file 'l_fibula.vtp'.
[2026-04-18 18:47:40.803] [warning] Couldn't find file 'l_talus.vtp'.
[2026-04-18 18:47:40.803] [warning] Couldn't find file 'l_foot.vtp'.
[2026-04-18 18:47:40.803] [warning] Couldn't find file 'l_bofoot.vtp'.
[2026-04-18 18:47:40.804] [warning] Couldn't find file 'hat_spine.vtp'.
[2026-04-18 18:47:40.809] [warning] Couldn't find file 'hat_jaw.vtp'.
[2026-04-18 18:47:40.809] [warning] Couldn't find file 'hat_skull.vtp'.
[2026-04-18 18:47:40.809] [warning] Couldn't find file 'hat_ribs.vtp'.
[2026-04-18 18:47:40.890] [info] Loaded model astronaut_spine_day060 from file C:\SpineSimulation\Models\spine_day060.osim
[2026-04-18 18:47:40.892] [warning] Couldn't find file 'treadmill.vtp'.
[2026-04-18 18:47:40.893] [warning] Couldn't find file 'sacrum.vtp'.
[2026-04-18 18:47:40.896] [warning] Couldn't find file 'pelvis.vtp'.
[2026-04-18 18:47:40.896] [warning] Couldn't find file 'l_pelvis.vtp'.
[2026-04-18 18:47:40.896] [warning] Couldn't find file 'femur_r.vtp'.
[2026-04-18 18:47:40.897] [warning] Couldn't find file 'tibia_r.vtp'.
[2026-04-18 18:47:40.897] [warning] Couldn't find file 'fibula.vtp'.
[2026-04-18 18:47:40.898] [warning] Couldn't find file 'talus.vtp'.
[2026-04-18 18:47:40.898] [warning] Couldn't find file 'foot.vtp'.
[2026-04-18 18:47:40.898] [warning] Couldn't find file 'bofoot.vtp'.
[2026-04-18 18:47:40.899] [warning] Couldn't find file 'femur_l.vtp'.
[2026-04-18 18:47:40.899] [warning] Couldn't find file 'tibia_l.vtp'.
[2026-04-18 18:47:40.900] [warning] Couldn't find file 'l_fibula.vtp'.
[2026-04-18 18:47:40.900] [warning] Couldn't find file 'l_talus.vtp'.
[2026-04-18 18:47:40.900] [warning] Couldn't find file 'l_foot.vtp'.
[2026-04-18 18:47:40.903] [warning] Couldn't find file 'l_bofoot.vtp'.
[2026-04-18 18:47:40.905] [warning] Couldn't find file 'hat_spine.vtp'.
[2026-04-18 18:47:40.906] [warning] Couldn't find file 'hat_jaw.vtp'.
[2026-04-18 18:47:40.906] [warning] Couldn't find file 'hat_skull.vtp'.
[2026-04-18 18:47:40.906] [warning] Couldn't find file 'hat_ribs.vtp'.
[2026-04-18 18:47:40.983] [info] Loaded model astronaut_spine_day090 from file C:\SpineSimulation\Models\spine_day090.osim
[2026-04-18 18:47:40.984] [warning] Couldn't find file 'treadmill.vtp'.
[2026-04-18 18:47:40.985] [warning] Couldn't find file 'sacrum.vtp'.
[2026-04-18 18:47:40.988] [warning] Couldn't find file 'pelvis.vtp'.
[2026-04-18 18:47:40.989] [warning] Couldn't find file 'l_pelvis.vtp'.
[2026-04-18 18:47:40.989] [warning] Couldn't find file 'femur_r.vtp'.
[2026-04-18 18:47:40.989] [warning] Couldn't find file 'tibia_r.vtp'.
[2026-04-18 18:47:40.990] [warning] Couldn't find file 'fibula.vtp'.
[2026-04-18 18:47:40.990] [warning] Couldn't find file 'talus.vtp'.
[2026-04-18 18:47:40.991] [warning] Couldn't find file 'foot.vtp'.
[2026-04-18 18:47:40.991] [warning] Couldn't find file 'bofoot.vtp'.
[2026-04-18 18:47:40.992] [warning] Couldn't find file 'femur_l.vtp'.
[2026-04-18 18:47:40.992] [warning] Couldn't find file 'tibia_l.vtp'.
[2026-04-18 18:47:40.992] [warning] Couldn't find file 'l_fibula.vtp'.
[2026-04-18 18:47:40.993] [warning] Couldn't find file 'l_talus.vtp'.
[2026-04-18 18:47:40.993] [warning] Couldn't find file 'l_foot.vtp'.
[2026-04-18 18:47:40.998] [warning] Couldn't find file 'l_bofoot.vtp'.
[2026-04-18 18:47:40.999] [warning] Couldn't find file 'hat_spine.vtp'.
[2026-04-18 18:47:41.000] [warning] Couldn't find file 'hat_jaw.vtp'.
[2026-04-18 18:47:41.000] [warning] Couldn't find file 'hat_skull.vtp'.
[2026-04-18 18:47:41.001] [warning] Couldn't find file 'hat_ribs.vtp'.
[2026-04-18 18:47:41.076] [info] Loaded model astronaut_spine_day180 from file C:\SpineSimulation\Models\spine_day180.osim
[2026-04-18 18:47:41.077] [warning] Couldn't find file 'treadmill.vtp'.
[2026-04-18 18:47:41.078] [warning] Couldn't find file 'sacrum.vtp'.
[2026-04-18 18:47:41.082] [warning] Couldn't find file 'pelvis.vtp'.
[2026-04-18 18:47:41.082] [warning] Couldn't find file 'l_pelvis.vtp'.
[2026-04-18 18:47:41.083] [warning] Couldn't find file 'femur_r.vtp'.
[2026-04-18 18:47:41.083] [warning] Couldn't find file 'tibia_r.vtp'.
[2026-04-18 18:47:41.084] [warning] Couldn't find file 'fibula.vtp'.
[2026-04-18 18:47:41.084] [warning] Couldn't find file 'talus.vtp'.
[2026-04-18 18:47:41.085] [warning] Couldn't find file 'foot.vtp'.
[2026-04-18 18:47:41.085] [warning] Couldn't find file 'bofoot.vtp'.
[2026-04-18 18:47:41.085] [warning] Couldn't find file 'femur_l.vtp'.
[2026-04-18 18:47:41.086] [warning] Couldn't find file 'tibia_l.vtp'.
[2026-04-18 18:47:41.091] [warning] Couldn't find file 'l_fibula.vtp'.
[2026-04-18 18:47:41.091] [warning] Couldn't find file 'l_talus.vtp'.
[2026-04-18 18:47:41.092] [warning] Couldn't find file 'l_foot.vtp'.
[2026-04-18 18:47:41.092] [warning] Couldn't find file 'l_bofoot.vtp'.
[2026-04-18 18:47:41.093] [warning] Couldn't find file 'hat_spine.vtp'.
[2026-04-18 18:47:41.093] [warning] Couldn't find file 'hat_jaw.vtp'.
[2026-04-18 18:47:41.094] [warning] Couldn't find file 'hat_skull.vtp'.
[2026-04-18 18:47:41.094] [warning] Couldn't find file 'hat_ribs.vtp'.
[2026-04-28 21:49:45.641] [info] Loaded model astronaut_spine_day000 from file C:\SpineSimulation\Models\spine_day000.osim
[2026-04-28 21:49:45.642] [warning] Couldn't find file 'treadmill.vtp'.
[2026-04-28 21:49:45.643] [warning] Couldn't find file 'sacrum.vtp'.
[2026-04-28 21:49:45.644] [warning] Couldn't find file 'pelvis.vtp'.
[2026-04-28 21:49:45.646] [warning] Couldn't find file 'l_pelvis.vtp'.
[2026-04-28 21:49:45.646] [warning] Couldn't find file 'femur_r.vtp'.
[2026-04-28 21:49:45.646] [warning] Couldn't find file 'tibia_r.vtp'.
[2026-04-28 21:49:45.647] [warning] Couldn't find file 'fibula.vtp'.
[2026-04-28 21:49:45.647] [warning] Couldn't find file 'talus.vtp'.
[2026-04-28 21:49:45.648] [warning] Couldn't find file 'foot.vtp'.
[2026-04-28 21:49:45.648] [warning] Couldn't find file 'bofoot.vtp'.
[2026-04-28 21:49:45.648] [warning] Couldn't find file 'femur_l.vtp'.
[2026-04-28 21:49:45.649] [warning] Couldn't find file 'tibia_l.vtp'.
[2026-04-28 21:49:45.649] [warning] Couldn't find file 'l_fibula.vtp'.
[2026-04-28 21:49:45.649] [warning] Couldn't find file 'l_talus.vtp'.
[2026-04-28 21:49:45.650] [warning] Couldn't find file 'l_foot.vtp'.
[2026-04-28 21:49:45.650] [warning] Couldn't find file 'l_bofoot.vtp'.
[2026-04-28 21:49:45.650] [warning] Couldn't find file 'hat_spine.vtp'.
[2026-04-28 21:49:45.651] [warning] Couldn't find file 'hat_jaw.vtp'.
[2026-04-28 21:49:45.651] [warning] Couldn't find file 'hat_skull.vtp'.
[2026-04-28 21:49:45.652] [warning] Couldn't find file 'hat_ribs.vtp'.
[2026-04-28 21:49:45.740] [info] Loaded model astronaut_spine_day030 from file C:\SpineSimulation\Models\spine_day030.osim
[2026-04-28 21:49:45.740] [warning] Couldn't find file 'treadmill.vtp'.
[2026-04-28 21:49:45.742] [warning] Couldn't find file 'sacrum.vtp'.
[2026-04-28 21:49:45.743] [warning] Couldn't find file 'pelvis.vtp'.
[2026-04-28 21:49:45.743] [warning] Couldn't find file 'l_pelvis.vtp'.
[2026-04-28 21:49:45.744] [warning] Couldn't find file 'femur_r.vtp'.
[2026-04-28 21:49:45.744] [warning] Couldn't find file 'tibia_r.vtp'.
[2026-04-28 21:49:45.744] [warning] Couldn't find file 'fibula.vtp'.
[2026-04-28 21:49:45.745] [warning] Couldn't find file 'talus.vtp'.
[2026-04-28 21:49:45.745] [warning] Couldn't find file 'foot.vtp'.
[2026-04-28 21:49:45.745] [warning] Couldn't find file 'bofoot.vtp'.
[2026-04-28 21:49:45.746] [warning] Couldn't find file 'femur_l.vtp'.
[2026-04-28 21:49:45.746] [warning] Couldn't find file 'tibia_l.vtp'.
[2026-04-28 21:49:45.746] [warning] Couldn't find file 'l_fibula.vtp'.
[2026-04-28 21:49:45.748] [warning] Couldn't find file 'l_talus.vtp'.
[2026-04-28 21:49:45.749] [warning] Couldn't find file 'l_foot.vtp'.
[2026-04-28 21:49:45.749] [warning] Couldn't find file 'l_bofoot.vtp'.
[2026-04-28 21:49:45.749] [warning] Couldn't find file 'hat_spine.vtp'.
[2026-04-28 21:49:45.749] [warning] Couldn't find file 'hat_jaw.vtp'.
[2026-04-28 21:49:45.750] [warning] Couldn't find file 'hat_skull.vtp'.
[2026-04-28 21:49:45.750] [warning] Couldn't find file 'hat_ribs.vtp'.
[2026-04-28 21:49:45.839] [info] Loaded model astronaut_spine_day060 from file C:\SpineSimulation\Models\spine_day060.osim
[2026-04-28 21:49:45.840] [warning] Couldn't find file 'treadmill.vtp'.
[2026-04-28 21:49:45.841] [warning] Couldn't find file 'sacrum.vtp'.
[2026-04-28 21:49:45.843] [warning] Couldn't find file 'pelvis.vtp'.
[2026-04-28 21:49:45.843] [warning] Couldn't find file 'l_pelvis.vtp'.
[2026-04-28 21:49:45.843] [warning] Couldn't find file 'femur_r.vtp'.
[2026-04-28 21:49:45.844] [warning] Couldn't find file 'tibia_r.vtp'.
[2026-04-28 21:49:45.844] [warning] Couldn't find file 'fibula.vtp'.
[2026-04-28 21:49:45.845] [warning] Couldn't find file 'talus.vtp'.
[2026-04-28 21:49:45.845] [warning] Couldn't find file 'foot.vtp'.
[2026-04-28 21:49:45.846] [warning] Couldn't find file 'bofoot.vtp'.
[2026-04-28 21:49:45.846] [warning] Couldn't find file 'femur_l.vtp'.
[2026-04-28 21:49:45.846] [warning] Couldn't find file 'tibia_l.vtp'.
[2026-04-28 21:49:45.847] [warning] Couldn't find file 'l_fibula.vtp'.
[2026-04-28 21:49:45.847] [warning] Couldn't find file 'l_talus.vtp'.
[2026-04-28 21:49:45.847] [warning] Couldn't find file 'l_foot.vtp'.
[2026-04-28 21:49:45.847] [warning] Couldn't find file 'l_bofoot.vtp'.
[2026-04-28 21:49:45.848] [warning] Couldn't find file 'hat_spine.vtp'.
[2026-04-28 21:49:45.848] [warning] Couldn't find file 'hat_jaw.vtp'.
[2026-04-28 21:49:45.848] [warning] Couldn't find file 'hat_skull.vtp'.
[2026-04-28 21:49:45.848] [warning] Couldn't find file 'hat_ribs.vtp'.
[2026-04-28 21:49:45.933] [info] Loaded model astronaut_spine_day090 from file C:\SpineSimulation\Models\spine_day090.osim
[2026-04-28 21:49:45.934] [warning] Couldn't find file 'treadmill.vtp'.
[2026-04-28 21:49:45.937] [warning] Couldn't find file 'sacrum.vtp'.
[2026-04-28 21:49:45.937] [warning] Couldn't find file 'pelvis.vtp'.
[2026-04-28 21:49:45.938] [warning] Couldn't find file 'l_pelvis.vtp'.
[2026-04-28 21:49:45.938] [warning] Couldn't find file 'femur_r.vtp'.
[2026-04-28 21:49:45.939] [warning] Couldn't find file 'tibia_r.vtp'.
[2026-04-28 21:49:45.939] [warning] Couldn't find file 'fibula.vtp'.
[2026-04-28 21:49:45.939] [warning] Couldn't find file 'talus.vtp'.
[2026-04-28 21:49:45.940] [warning] Couldn't find file 'foot.vtp'.
[2026-04-28 21:49:45.940] [warning] Couldn't find file 'bofoot.vtp'.
[2026-04-28 21:49:45.940] [warning] Couldn't find file 'femur_l.vtp'.
[2026-04-28 21:49:45.941] [warning] Couldn't find file 'tibia_l.vtp'.
[2026-04-28 21:49:45.941] [warning] Couldn't find file 'l_fibula.vtp'.
[2026-04-28 21:49:45.941] [warning] Couldn't find file 'l_talus.vtp'.
[2026-04-28 21:49:45.942] [warning] Couldn't find file 'l_foot.vtp'.
[2026-04-28 21:49:45.942] [warning] Couldn't find file 'l_bofoot.vtp'.
[2026-04-28 21:49:45.942] [warning] Couldn't find file 'hat_spine.vtp'.
[2026-04-28 21:49:45.942] [warning] Couldn't find file 'hat_jaw.vtp'.
[2026-04-28 21:49:45.943] [warning] Couldn't find file 'hat_skull.vtp'.
[2026-04-28 21:49:45.943] [warning] Couldn't find file 'hat_ribs.vtp'.
[2026-04-28 21:49:46.033] [info] Loaded model astronaut_spine_day180 from file C:\SpineSimulation\Models\spine_day180.osim
[2026-04-28 21:49:46.034] [warning] Couldn't find file 'treadmill.vtp'.
[2026-04-28 21:49:46.036] [warning] Couldn't find file 'sacrum.vtp'.
[2026-04-28 21:49:46.036] [warning] Couldn't find file 'pelvis.vtp'.
[2026-04-28 21:49:46.038] [warning] Couldn't find file 'l_pelvis.vtp'.
[2026-04-28 21:49:46.038] [warning] Couldn't find file 'femur_r.vtp'.
[2026-04-28 21:49:46.039] [warning] Couldn't find file 'tibia_r.vtp'.
[2026-04-28 21:49:46.039] [warning] Couldn't find file 'fibula.vtp'.
[2026-04-28 21:49:46.039] [warning] Couldn't find file 'talus.vtp'.
[2026-04-28 21:49:46.040] [warning] Couldn't find file 'foot.vtp'.
[2026-04-28 21:49:46.040] [warning] Couldn't find file 'bofoot.vtp'.
[2026-04-28 21:49:46.040] [warning] Couldn't find file 'femur_l.vtp'.
[2026-04-28 21:49:46.041] [warning] Couldn't find file 'tibia_l.vtp'.
[2026-04-28 21:49:46.041] [warning] Couldn't find file 'l_fibula.vtp'.
[2026-04-28 21:49:46.042] [warning] Couldn't find file 'l_talus.vtp'.
[2026-04-28 21:49:46.042] [warning] Couldn't find file 'l_foot.vtp'.
[2026-04-28 21:49:46.042] [warning] Couldn't find file 'l_bofoot.vtp'.
[2026-04-28 21:49:46.043] [warning] Couldn't find file 'hat_spine.vtp'.
[2026-04-28 21:49:46.043] [warning] Couldn't find file 'hat_jaw.vtp'.
[2026-04-28 21:49:46.047] [warning] Couldn't find file 'hat_skull.vtp'.
[2026-04-28 21:49:46.047] [warning] Couldn't find file 'hat_ribs.vtp'.
[2026-04-28 21:53:43.383] [info] Loaded model astronaut_spine_day000 from file C:\SpineSimulation\Models\spine_day000.osim
[2026-04-28 21:53:43.385] [warning] Couldn't find file 'treadmill.vtp'.
[2026-04-28 21:53:43.385] [warning] Couldn't find file 'sacrum.vtp'.
[2026-04-28 21:53:43.386] [warning] Couldn't find file 'pelvis.vtp'.
[2026-04-28 21:53:43.387] [warning] Couldn't find file 'l_pelvis.vtp'.
[2026-04-28 21:53:43.387] [warning] Couldn't find file 'femur_r.vtp'.
[2026-04-28 21:53:43.387] [warning] Couldn't find file 'tibia_r.vtp'.
[2026-04-28 21:53:43.388] [warning] Couldn't find file 'fibula.vtp'.
[2026-04-28 21:53:43.388] [warning] Couldn't find file 'talus.vtp'.
[2026-04-28 21:53:43.389] [warning] Couldn't find file 'foot.vtp'.
[2026-04-28 21:53:43.389] [warning] Couldn't find file 'bofoot.vtp'.
[2026-04-28 21:53:43.389] [warning] Couldn't find file 'femur_l.vtp'.
[2026-04-28 21:53:43.390] [warning] Couldn't find file 'tibia_l.vtp'.
[2026-04-28 21:53:43.390] [warning] Couldn't find file 'l_fibula.vtp'.
[2026-04-28 21:53:43.390] [warning] Couldn't find file 'l_talus.vtp'.
[2026-04-28 21:53:43.391] [warning] Couldn't find file 'l_foot.vtp'.
[2026-04-28 21:53:43.392] [warning] Couldn't find file 'l_bofoot.vtp'.
[2026-04-28 21:53:43.392] [warning] Couldn't find file 'hat_spine.vtp'.
[2026-04-28 21:53:43.393] [warning] Couldn't find file 'hat_jaw.vtp'.
[2026-04-28 21:53:43.393] [warning] Couldn't find file 'hat_skull.vtp'.
[2026-04-28 21:53:43.393] [warning] Couldn't find file 'hat_ribs.vtp'.
[2026-04-28 21:53:43.577] [info] Loaded model astronaut_spine_day030 from file C:\SpineSimulation\Models\spine_day030.osim
[2026-04-28 21:53:43.593] [warning] Couldn't find file 'treadmill.vtp'.
[2026-04-28 21:53:43.602] [warning] Couldn't find file 'sacrum.vtp'.
[2026-04-28 21:53:43.603] [warning] Couldn't find file 'pelvis.vtp'.
[2026-04-28 21:53:43.603] [warning] Couldn't find file 'l_pelvis.vtp'.
[2026-04-28 21:53:43.604] [warning] Couldn't find file 'femur_r.vtp'.
[2026-04-28 21:53:43.605] [warning] Couldn't find file 'tibia_r.vtp'.
[2026-04-28 21:53:43.605] [warning] Couldn't find file 'fibula.vtp'.
[2026-04-28 21:53:43.606] [warning] Couldn't find file 'talus.vtp'.
[2026-04-28 21:53:43.607] [warning] Couldn't find file 'foot.vtp'.
[2026-04-28 21:53:43.608] [warning] Couldn't find file 'bofoot.vtp'.
[2026-04-28 21:53:43.609] [warning] Couldn't find file 'femur_l.vtp'.
[2026-04-28 21:53:43.609] [warning] Couldn't find file 'tibia_l.vtp'.
[2026-04-28 21:53:43.610] [warning] Couldn't find file 'l_fibula.vtp'.
[2026-04-28 21:53:43.610] [warning] Couldn't find file 'l_talus.vtp'.
[2026-04-28 21:53:43.611] [warning] Couldn't find file 'l_foot.vtp'.
[2026-04-28 21:53:43.611] [warning] Couldn't find file 'l_bofoot.vtp'.
[2026-04-28 21:53:43.611] [warning] Couldn't find file 'hat_spine.vtp'.
[2026-04-28 21:53:43.612] [warning] Couldn't find file 'hat_jaw.vtp'.
[2026-04-28 21:53:43.612] [warning] Couldn't find file 'hat_skull.vtp'.
[2026-04-28 21:53:43.613] [warning] Couldn't find file 'hat_ribs.vtp'.
[2026-04-28 21:53:43.761] [info] Loaded model astronaut_spine_day060 from file C:\SpineSimulation\Models\spine_day060.osim
[2026-04-28 21:53:43.762] [warning] Couldn't find file 'treadmill.vtp'.
[2026-04-28 21:53:43.763] [warning] Couldn't find file 'sacrum.vtp'.
[2026-04-28 21:53:43.764] [warning] Couldn't find file 'pelvis.vtp'.
[2026-04-28 21:53:43.764] [warning] Couldn't find file 'l_pelvis.vtp'.
[2026-04-28 21:53:43.764] [warning] Couldn't find file 'femur_r.vtp'.
[2026-04-28 21:53:43.764] [warning] Couldn't find file 'tibia_r.vtp'.
[2026-04-28 21:53:43.764] [warning] Couldn't find file 'fibula.vtp'.
[2026-04-28 21:53:43.765] [warning] Couldn't find file 'talus.vtp'.
[2026-04-28 21:53:43.765] [warning] Couldn't find file 'foot.vtp'.
[2026-04-28 21:53:43.765] [warning] Couldn't find file 'bofoot.vtp'.
[2026-04-28 21:53:43.766] [warning] Couldn't find file 'femur_l.vtp'.
[2026-04-28 21:53:43.766] [warning] Couldn't find file 'tibia_l.vtp'.
[2026-04-28 21:53:43.766] [warning] Couldn't find file 'l_fibula.vtp'.
[2026-04-28 21:53:43.767] [warning] Couldn't find file 'l_talus.vtp'.
[2026-04-28 21:53:43.767] [warning] Couldn't find file 'l_foot.vtp'.
[2026-04-28 21:53:43.767] [warning] Couldn't find file 'l_bofoot.vtp'.
[2026-04-28 21:53:43.767] [warning] Couldn't find file 'hat_spine.vtp'.
[2026-04-28 21:53:43.768] [warning] Couldn't find file 'hat_jaw.vtp'.
[2026-04-28 21:53:43.768] [warning] Couldn't find file 'hat_skull.vtp'.
[2026-04-28 21:53:43.768] [warning] Couldn't find file 'hat_ribs.vtp'.
[2026-04-28 21:53:43.857] [info] Loaded model astronaut_spine_day090 from file C:\SpineSimulation\Models\spine_day090.osim
[2026-04-28 21:53:43.857] [warning] Couldn't find file 'treadmill.vtp'.
[2026-04-28 21:53:43.858] [warning] Couldn't find file 'sacrum.vtp'.
[2026-04-28 21:53:43.860] [warning] Couldn't find file 'pelvis.vtp'.
[2026-04-28 21:53:43.860] [warning] Couldn't find file 'l_pelvis.vtp'.
[2026-04-28 21:53:43.860] [warning] Couldn't find file 'femur_r.vtp'.
[2026-04-28 21:53:43.861] [warning] Couldn't find file 'tibia_r.vtp'.
[2026-04-28 21:53:43.861] [warning] Couldn't find file 'fibula.vtp'.
[2026-04-28 21:53:43.861] [warning] Couldn't find file 'talus.vtp'.
[2026-04-28 21:53:43.862] [warning] Couldn't find file 'foot.vtp'.
[2026-04-28 21:53:43.862] [warning] Couldn't find file 'bofoot.vtp'.
[2026-04-28 21:53:43.862] [warning] Couldn't find file 'femur_l.vtp'.
[2026-04-28 21:53:43.863] [warning] Couldn't find file 'tibia_l.vtp'.
[2026-04-28 21:53:43.863] [warning] Couldn't find file 'l_fibula.vtp'.
[2026-04-28 21:53:43.863] [warning] Couldn't find file 'l_talus.vtp'.
[2026-04-28 21:53:43.864] [warning] Couldn't find file 'l_foot.vtp'.
[2026-04-28 21:53:43.864] [warning] Couldn't find file 'l_bofoot.vtp'.
[2026-04-28 21:53:43.865] [warning] Couldn't find file 'hat_spine.vtp'.
[2026-04-28 21:53:43.865] [warning] Couldn't find file 'hat_jaw.vtp'.
[2026-04-28 21:53:43.865] [warning] Couldn't find file 'hat_skull.vtp'.
[2026-04-28 21:53:43.865] [warning] Couldn't find file 'hat_ribs.vtp'.
[2026-04-28 21:53:43.950] [info] Loaded model astronaut_spine_day180 from file C:\SpineSimulation\Models\spine_day180.osim
[2026-04-28 21:53:43.951] [warning] Couldn't find file 'treadmill.vtp'.
[2026-04-28 21:53:43.952] [warning] Couldn't find file 'sacrum.vtp'.
[2026-04-28 21:53:43.952] [warning] Couldn't find file 'pelvis.vtp'.
[2026-04-28 21:53:43.953] [warning] Couldn't find file 'l_pelvis.vtp'.
[2026-04-28 21:53:43.954] [warning] Couldn't find file 'femur_r.vtp'.
[2026-04-28 21:53:43.954] [warning] Couldn't find file 'tibia_r.vtp'.
[2026-04-28 21:53:43.954] [warning] Couldn't find file 'fibula.vtp'.
[2026-04-28 21:53:43.954] [warning] Couldn't find file 'talus.vtp'.
[2026-04-28 21:53:43.955] [warning] Couldn't find file 'foot.vtp'.
[2026-04-28 21:53:43.955] [warning] Couldn't find file 'bofoot.vtp'.
[2026-04-28 21:53:43.956] [warning] Couldn't find file 'femur_l.vtp'.
[2026-04-28 21:53:43.956] [warning] Couldn't find file 'tibia_l.vtp'.
[2026-04-28 21:53:43.956] [warning] Couldn't find file 'l_fibula.vtp'.
[2026-04-28 21:53:43.956] [warning] Couldn't find file 'l_talus.vtp'.
[2026-04-28 21:53:43.957] [warning] Couldn't find file 'l_foot.vtp'.
[2026-04-28 21:53:43.957] [warning] Couldn't find file 'l_bofoot.vtp'.
[2026-04-28 21:53:43.958] [warning] Couldn't find file 'hat_spine.vtp'.
[2026-04-28 21:53:43.958] [warning] Couldn't find file 'hat_jaw.vtp'.
[2026-04-28 21:53:43.958] [warning] Couldn't find file 'hat_skull.vtp'.
[2026-04-28 21:53:43.959] [warning] Couldn't find file 'hat_ribs.vtp'.
